
> talentmatch-web@1.0.0 dev
> next dev -p 3000

  ▲ Next.js 14.2.5
  - Local:        http://localhost:3000

 ✓ Starting...
 ✓ Ready in 1345ms
 ○ Compiling / ...
 ✓ Compiled / in 1422ms (507 modules)
 GET / 200 in 1511ms
(node:22389) [DEP0060] DeprecationWarning: The `util._extend` API is deprecated. Please use Object.assign() instead.
(Use `node --trace-deprecation ...` to show where the warning was created)
 GET / 200 in 19ms
 GET / 200 in 20ms
 GET / 200 in 19ms
 GET / 200 in 51ms
 GET / 200 in 39ms
[?25h

> talentmatch-server@1.0.0 dev
> npx tsx watch src/index.ts

npm warn install-scripts .npmrc allow-scripts setting is being ignored because --allow-scripts was passed on the command line
[supabase] not configured — running in local JSON mode
TalentMatch API listening on http://localhost:4000 (auth: local)
Data dir: /Users/karthikreddy/Desktop/reverse resume/talentmatch/server/data

> talentmatch-web@1.0.0 dev
> next dev -p 3001

▲ Next.js 16.3.8 (Turbopack)
- Local:         http://localhost:3001
- Network:       http://192.168.1.12:3001
✓ Ready in 251ms
✓ Running next.config.mjs took 8ms

 GET / 200 in 233ms (next.js: 130ms, application-code: 103ms)
 GET / 200 in 25ms (next.js: 3ms, application-code: 21ms)
 GET / 200 in 30ms (next.js: 1.2ms, application-code: 29ms)
 GET /login 200 in 76ms (next.js: 31ms, application-code: 45ms)
 GET /login 200 in 140ms (next.js: 76ms, application-code: 64ms)
 GET /login 200 in 78ms (next.js: 31ms, application-code: 47ms)
